05:23:51 **** Incremental Build of configuration Debug for project space_invaders_app ****
make all 
make --no-print-directory pre-build
a9-linaro-pre-build-step
' '
make --no-print-directory main-build
'Building file: ../src/helloworld.c'
'Invoking: ARM v7 gcc compiler'
arm-none-eabi-gcc -Wall -O0 -g3 -c -fmessage-length=0 -MT"src/helloworld.o" -mcpu=cortex-a9 -mfpu=vfpv3 -mfloat-abi=hard -IC:/Users/aboua/OneDrive/Desktop/projects/space_invaders_soc/space_invaders_soc_vitis/space_invaders_plat/export/space_invaders_plat/sw/space_invaders_plat/standalone_domain/bspinclude/include -MMD -MP -MF"src/helloworld.d" -MT"src/helloworld.o" -o "src/helloworld.o" "../src/helloworld.c"
'Finished building: ../src/helloworld.c'
' '
'Building file: ../src/platform.c'
'Invoking: ARM v7 gcc compiler'
arm-none-eabi-gcc -Wall -O0 -g3 -c -fmessage-length=0 -MT"src/platform.o" -mcpu=cortex-a9 -mfpu=vfpv3 -mfloat-abi=hard -IC:/Users/aboua/OneDrive/Desktop/projects/space_invaders_soc/space_invaders_soc_vitis/space_invaders_plat/export/space_invaders_plat/sw/space_invaders_plat/standalone_domain/bspinclude/include -MMD -MP -MF"src/platform.d" -MT"src/platform.o" -o "src/platform.o" "../src/platform.c"
'Finished building: ../src/platform.c'
' '
'Building target: space_invaders_app.elf'
'Invoking: ARM v7 gcc linker'
arm-none-eabi-gcc -mcpu=cortex-a9 -mfpu=vfpv3 -mfloat-abi=hard -Wl,-build-id=none -specs=Xilinx.spec -Wl,-T -Wl,../src/lscript.ld -LC:/Users/aboua/OneDrive/Desktop/projects/space_invaders_soc/space_invaders_soc_vitis/space_invaders_plat/export/space_invaders_plat/sw/space_invaders_plat/standalone_domain/bsplib/lib -o "space_invaders_app.elf"  ./src/helloworld.o ./src/platform.o   -Wl,--start-group,-lxil,-lgcc,-lc,--end-group
'Finished building target: space_invaders_app.elf'
' '
'Invoking: ARM v7 Print Size'
arm-none-eabi-size space_invaders_app.elf  |tee "space_invaders_app.elf.size"
   text	   data	    bss	    dec	    hex	filename
  27860	   1152	  22712	  51724	   ca0c	space_invaders_app.elf
'Finished building: space_invaders_app.elf.size'
' '

05:23:52 Build Finished (took 891ms)

