#-----------------------------------------------------------
# Vivado v2023.1 (64-bit)
# SW Build 3865809 on Sun May  7 15:05:29 MDT 2023
# IP Build 3864474 on Sun May  7 20:36:21 MDT 2023
# SharedData Build 3865790 on Sun May 07 13:33:03 MDT 2023
# Start of session at: Wed Apr 15 03:47:46 2026
# Process ID: 16376
# Current directory: C:/Users/aboua/OneDrive/Desktop/projects/space_invaders_soc/space_invaders_soc.runs/space_invaders_bd_processing_system7_0_0_synth_1
# Command line: vivado.exe -log space_invaders_bd_processing_system7_0_0.vds -product Vivado -mode batch -messageDb vivado.pb -notrace -source space_invaders_bd_processing_system7_0_0.tcl
# Log file: C:/Users/aboua/OneDrive/Desktop/projects/space_invaders_soc/space_invaders_soc.runs/space_invaders_bd_processing_system7_0_0_synth_1/space_invaders_bd_processing_system7_0_0.vds
# Journal file: C:/Users/aboua/OneDrive/Desktop/projects/space_invaders_soc/space_invaders_soc.runs/space_invaders_bd_processing_system7_0_0_synth_1\vivado.jou
# Running On: Charbel-DESKTOP, OS: Windows, CPU Frequency: 3610 MHz, CPU Physical cores: 12, Host memory: 34137 MB
#-----------------------------------------------------------
source space_invaders_bd_processing_system7_0_0.tcl -notrace
